error: Missing attribute 'abi'.
 --> tests/ui/abigen_macro/missing_abi_attribute.rs:3:18
  |
3 | abigen!(Contract(name = "SomeName"));
  |                  ^^^^
