error: Unsupported program type. Expected: 'Contract', 'Script' or 'Predicate'
 --> tests/ui/invalid_program_type.rs:3:9
  |
3 | abigen!(SomeInvalidProgramType(
  |         ^^^^^^^^^^^^^^^^^^^^^^
