error: missing attribute 'abi'
 --> tests/ui/abigen/missing_abi_attribute.rs:3:18
  |
3 | abigen!(Contract(name = "SomeName"));
  |                  ^^^^
