error: tuple-like enum variants must contain exactly one element
 --> tests/ui/derive/tokenizable/only_one_variant_element_supported.rs:6:6
  |
6 |     B(),
  |      ^^

error: tuple-like enum variants must contain exactly one element
  --> tests/ui/derive/tokenizable/only_one_variant_element_supported.rs:11:6
   |
11 |     A(u64, u32),
   |      ^^^^^^^^^^
