error: struct like enum variants are not supported
 --> tests/ui/derive/tokenizable/struct_like_enum_variants_not_supported.rs:6:7
  |
6 |     B { something: u64 },
  |       ^^^^^^^^^^^^^^^^^^
